Master PID 142969 — spawning 8 ESL workers
Worker 143032 is online
Worker 143045 is online
Worker 143033 is online
Worker 143044 is online
Worker 143054 is online
Worker 143053 is online
Worker 143064 is online
Worker 143073 is online
🚀 ESL Server running on port 8084
🚀 ESL Server running on port 8084
🚀 ESL Server running on port 8084
🚀 ESL Server running on port 8084
🚀 ESL Server running on port 8084
🚀 ESL Server running on port 8084
🚀 ESL Server running on port 8084
🚀 ESL Server running on port 8084
Master PID 151903 — spawning 8 ESL workers
Worker 151960 is online
Worker 151971 is online
Worker 151961 is online
Worker 151962 is online
Worker 151959 is online
Worker 152000 is online
Worker 151977 is online
Worker 152003 is online
🚀 ESL Server running on port 8084
🚀 ESL Server running on port 8084
🚀 ESL Server running on port 8084
🚀 ESL Server running on port 8084
🚀 ESL Server running on port 8084
🚀 ESL Server running on port 8084
🚀 ESL Server running on port 8084
🚀 ESL Server running on port 8084
Master PID 162468 — spawning 8 ESL workers
Worker 162536 is online
Worker 162537 is online
Worker 162538 is online
Worker 162547 is online
Worker 162564 is online
Worker 162558 is online
Worker 162588 is online
Worker 162565 is online
🚀 ESL Server running on port 8084
🚀 ESL Server running on port 8084
🚀 ESL Server running on port 8084
🚀 ESL Server running on port 8084
🚀 ESL Server running on port 8084
🚀 ESL Server running on port 8084
🚀 ESL Server running on port 8084
🚀 ESL Server running on port 8084
Master PID 12753 — spawning 8 ESL workers
Worker 12819 is online
Worker 12825 is online
Worker 12848 is online
Worker 12850 is online
Worker 12851 is online
Worker 12820 is online
Worker 12840 is online
Worker 12856 is online
🚀 ESL Server running on port 8084
🚀 ESL Server running on port 8084
🚀 ESL Server running on port 8084
🚀 ESL Server running on port 8084
🚀 ESL Server running on port 8084
🚀 ESL Server running on port 8084
🚀 ESL Server running on port 8084
🚀 ESL Server running on port 8084
Master PID 19946 — spawning 8 ESL workers
Worker 20017 is online
Worker 20027 is online
Worker 20033 is online
Worker 20037 is online
Worker 20048 is online
Worker 20053 is online
Worker 20070 is online
Worker 20075 is online
🚀 ESL Server running on port 8084
🚀 ESL Server running on port 8084
🚀 ESL Server running on port 8084
🚀 ESL Server running on port 8084
🚀 ESL Server running on port 8084
🚀 ESL Server running on port 8084
🚀 ESL Server running on port 8084
🚀 ESL Server running on port 8084
Master PID 1127 — spawning 8 ESL workers
Worker 1265 is online
Worker 1272 is online
Worker 1286 is online
Worker 1284 is online
Worker 1287 is online
Worker 1305 is online
Worker 1327 is online
Worker 1332 is online
🚀 ESL Server running on port 8084
🚀 ESL Server running on port 8084
🚀 ESL Server running on port 8084
🚀 ESL Server running on port 8084
🚀 ESL Server running on port 8084
🚀 ESL Server running on port 8084
🚀 ESL Server running on port 8084
🚀 ESL Server running on port 8084
Master PID 1122 — spawning 8 ESL workers
Worker 1280 is online
Worker 1307 is online
Worker 1309 is online
Worker 1292 is online
Worker 1313 is online
Worker 1320 is online
Worker 1319 is online
Worker 1331 is online
🚀 ESL Server running on port 8084
🚀 ESL Server running on port 8084
🚀 ESL Server running on port 8084
🚀 ESL Server running on port 8084
🚀 ESL Server running on port 8084
🚀 ESL Server running on port 8084
🚀 ESL Server running on port 8084
🚀 ESL Server running on port 8084
📞 Incoming ESL connection
✅ ESL Ready
UUID: 2306ce66-ed37-4256-9e9d-ce36f45f832a Caller: 1002
✅ Greet ready in 11238ms
🎙️ Recorded: 89644 bytes
✅ AI responded in 7354ms
🎙️ Recorded: 94764 bytes
❌ API Error: Request failed with status code 500 | Status: 500
❌ API Body: AI failed
📴 Call hung up by remote
Master PID 21650 — spawning 8 ESL workers
Worker 21706 is online
Worker 21677 is online
Worker 21680 is online
Worker 21690 is online
Worker 21678 is online
Worker 21683 is online
Worker 21676 is online
Worker 21695 is online
🚀 ESL Server running on port 8084
🚀 ESL Server running on port 8084
🚀 ESL Server running on port 8084
🚀 ESL Server running on port 8084
🚀 ESL Server running on port 8084
🚀 ESL Server running on port 8084
🚀 ESL Server running on port 8084
🚀 ESL Server running on port 8084
📞 Incoming ESL connection
✅ ESL Ready
UUID: bad372ad-a86d-4495-9586-80e92ed0b7bc Caller: 1002
✅ Greet ready in 5913ms
🎙️ Recorded: 85804 bytes
✅ AI responded in 11959ms
🎙️ Recorded: 82604 bytes
❌ API Error: Request failed with status code 500 | Status: 500
❌ API Body: AI failed
📴 Call hung up by remote
Master PID 31499 — spawning 8 ESL workers
Worker 31545 is online
Worker 31547 is online
Worker 31544 is online
Worker 31579 is online
Worker 31562 is online
Worker 31571 is online
Worker 31568 is online
Worker 31543 is online
🚀 ESL Server running on port 8084
🚀 ESL Server running on port 8084
🚀 ESL Server running on port 8084
🚀 ESL Server running on port 8084
🚀 ESL Server running on port 8084
🚀 ESL Server running on port 8084
🚀 ESL Server running on port 8084
🚀 ESL Server running on port 8084
Master PID 2108 — spawning 8 ESL workers
Worker 2226 is online
Worker 2245 is online
Worker 2248 is online
Worker 2239 is online
Worker 2228 is online
Worker 2259 is online
Worker 2244 is online
Worker 2247 is online
🚀 ESL Server running on port 8084
🚀 ESL Server running on port 8084
🚀 ESL Server running on port 8084
🚀 ESL Server running on port 8084
🚀 ESL Server running on port 8084
🚀 ESL Server running on port 8084
🚀 ESL Server running on port 8084
🚀 ESL Server running on port 8084
📞 Incoming ESL connection
✅ ESL Ready
UUID: e66c6bbc-a72c-454d-9f9c-3a12ccad1e54 Caller: 1002
✅ Greet ready in 11391ms
🎙️ Recorded: 86444 bytes
✅ AI responded in 12766ms
🎙️ Recorded: 95404 bytes
❌ API Error: timeout of 25000ms exceeded | Status: undefined
❌ API Body: undefined
📴 Call hung up by remote
Master PID 2742 — spawning 8 ESL workers
Worker 2868 is online
Worker 2875 is online
Worker 2911 is online
Worker 2910 is online
Worker 2897 is online
Worker 2923 is online
Worker 2917 is online
Worker 2889 is online
🚀 ESL Server running on port 8084
🚀 ESL Server running on port 8084
🚀 ESL Server running on port 8084
🚀 ESL Server running on port 8084
🚀 ESL Server running on port 8084
🚀 ESL Server running on port 8084
🚀 ESL Server running on port 8084
🚀 ESL Server running on port 8084
Master PID 774203 — spawning 8 ESL workers
Worker 774275 is online
Worker 774276 is online
Worker 774296 is online
Worker 774282 is online
Worker 774289 is online
Worker 774303 is online
Worker 774325 is online
Worker 774318 is online
🚀 ESL Server running on port 8084
🚀 ESL Server running on port 8084
🚀 ESL Server running on port 8084
🚀 ESL Server running on port 8084
🚀 ESL Server running on port 8084
🚀 ESL Server running on port 8084
🚀 ESL Server running on port 8084
🚀 ESL Server running on port 8084
Master PID 1231120 — spawning 8 ESL workers
Worker 1231232 is online
Worker 1231227 is online
Worker 1231235 is online
Worker 1231225 is online
Worker 1231245 is online
Worker 1231252 is online
Worker 1231250 is online
Worker 1231263 is online
🚀 ESL Server running on port 8084
🚀 ESL Server running on port 8084
🚀 ESL Server running on port 8084
🚀 ESL Server running on port 8084
🚀 ESL Server running on port 8084
🚀 ESL Server running on port 8084
🚀 ESL Server running on port 8084
🚀 ESL Server running on port 8084
Master PID 2094 — spawning 8 ESL workers
Worker 2254 is online
Worker 2246 is online
Worker 2283 is online
Worker 2251 is online
Worker 2252 is online
Worker 2273 is online
Worker 2285 is online
Worker 2260 is online
🚀 ESL Server running on port 8084
🚀 ESL Server running on port 8084
🚀 ESL Server running on port 8084
🚀 ESL Server running on port 8084
🚀 ESL Server running on port 8084
🚀 ESL Server running on port 8084
🚀 ESL Server running on port 8084
🚀 ESL Server running on port 8084
Master PID 2115 — spawning 8 ESL workers
Worker 2240 is online
Worker 2248 is online
Worker 2241 is online
Worker 2242 is online
Worker 2267 is online
Worker 2274 is online
Worker 2268 is online
Worker 2281 is online
🚀 ESL Server running on port 8084
🚀 ESL Server running on port 8084
🚀 ESL Server running on port 8084
🚀 ESL Server running on port 8084
🚀 ESL Server running on port 8084
🚀 ESL Server running on port 8084
🚀 ESL Server running on port 8084
🚀 ESL Server running on port 8084
Master PID 1121 — spawning 8 ESL workers
Worker 1273 is online
Worker 1286 is online
Worker 1289 is online
Worker 1275 is online
Worker 1299 is online
Worker 1310 is online
Worker 1301 is online
Worker 1316 is online
🚀 ESL Server running on port 8084
🚀 ESL Server running on port 8084
🚀 ESL Server running on port 8084
🚀 ESL Server running on port 8084
🚀 ESL Server running on port 8084
🚀 ESL Server running on port 8084
🚀 ESL Server running on port 8084
🚀 ESL Server running on port 8084
Master PID 1211 — spawning 8 ESL workers
Worker 1363 is online
Worker 1385 is online
Worker 1362 is online
Worker 1382 is online
Worker 1371 is online
Worker 1387 is online
Worker 1421 is online
Worker 1419 is online
🚀 ESL Server running on port 8084
🚀 ESL Server running on port 8084
🚀 ESL Server running on port 8084
🚀 ESL Server running on port 8084
🚀 ESL Server running on port 8084
🚀 ESL Server running on port 8084
🚀 ESL Server running on port 8084
🚀 ESL Server running on port 8084
Master PID 1162 — spawning 8 ESL workers
Worker 1305 is online
Worker 1310 is online
Worker 1346 is online
Worker 1331 is online
Worker 1348 is online
Worker 1349 is online
Worker 1362 is online
Worker 1376 is online
🚀 ESL Server running on port 8084
🚀 ESL Server running on port 8084
🚀 ESL Server running on port 8084
🚀 ESL Server running on port 8084
🚀 ESL Server running on port 8084
🚀 ESL Server running on port 8084
🚀 ESL Server running on port 8084
🚀 ESL Server running on port 8084
Master PID 1182 — spawning 8 ESL workers
Worker 1429 is online
Worker 1410 is online
Worker 1436 is online
Worker 1451 is online
Worker 1437 is online
Worker 1417 is online
Worker 1456 is online
Worker 1445 is online
🚀 ESL Server running on port 8084
🚀 ESL Server running on port 8084
🚀 ESL Server running on port 8084
🚀 ESL Server running on port 8084
🚀 ESL Server running on port 8084
🚀 ESL Server running on port 8084
🚀 ESL Server running on port 8084
🚀 ESL Server running on port 8084
Master PID 1990 — spawning 8 ESL workers
Worker 2143 is online
Worker 2144 is online
Worker 2142 is online
Worker 2154 is online
Worker 2166 is online
Worker 2163 is online
Worker 2168 is online
Worker 2184 is online
🚀 ESL Server running on port 8084
🚀 ESL Server running on port 8084
🚀 ESL Server running on port 8084
🚀 ESL Server running on port 8084
🚀 ESL Server running on port 8084
🚀 ESL Server running on port 8084
🚀 ESL Server running on port 8084
🚀 ESL Server running on port 8084
Master PID 1229 — spawning 8 ESL workers
Worker 1384 is online
Worker 1378 is online
Worker 1372 is online
Worker 1379 is online
Worker 1386 is online
Worker 1401 is online
Worker 1415 is online
Worker 1405 is online
🚀 ESL Server running on port 8084
🚀 ESL Server running on port 8084
🚀 ESL Server running on port 8084
🚀 ESL Server running on port 8084
🚀 ESL Server running on port 8084
🚀 ESL Server running on port 8084
🚀 ESL Server running on port 8084
🚀 ESL Server running on port 8084
Master PID 1237 — spawning 8 ESL workers
Worker 1385 is online
Worker 1398 is online
Worker 1386 is online
Worker 1388 is online
Worker 1412 is online
Worker 1399 is online
Worker 1417 is online
Worker 1420 is online
🚀 ESL Server running on port 8084
🚀 ESL Server running on port 8084
🚀 ESL Server running on port 8084
🚀 ESL Server running on port 8084
🚀 ESL Server running on port 8084
🚀 ESL Server running on port 8084
🚀 ESL Server running on port 8084
🚀 ESL Server running on port 8084
Master PID 2114 — spawning 8 ESL workers
Worker 2251 is online
Worker 2248 is online
Worker 2259 is online
Worker 2266 is online
Worker 2267 is online
Worker 2269 is online
Worker 2293 is online
Worker 2282 is online
🚀 ESL Server running on port 8084
🚀 ESL Server running on port 8084
🚀 ESL Server running on port 8084
🚀 ESL Server running on port 8084
🚀 ESL Server running on port 8084
🚀 ESL Server running on port 8084
🚀 ESL Server running on port 8084
🚀 ESL Server running on port 8084
Master PID 1253 — spawning 8 ESL workers
Worker 1389 is online
Worker 1397 is online
Worker 1407 is online
Worker 1411 is online
Worker 1430 is online
Worker 1423 is online
Worker 1394 is online
Worker 1442 is online
🚀 ESL Server running on port 8084
🚀 ESL Server running on port 8084
🚀 ESL Server running on port 8084
🚀 ESL Server running on port 8084
🚀 ESL Server running on port 8084
🚀 ESL Server running on port 8084
🚀 ESL Server running on port 8084
🚀 ESL Server running on port 8084
Master PID 1120 — spawning 8 ESL workers
Worker 1270 is online
Worker 1256 is online
Worker 1289 is online
Worker 1252 is online
Worker 1283 is online
Worker 1258 is online
Worker 1265 is online
Worker 1275 is online
🚀 ESL Server running on port 8084
🚀 ESL Server running on port 8084
🚀 ESL Server running on port 8084
🚀 ESL Server running on port 8084
🚀 ESL Server running on port 8084
🚀 ESL Server running on port 8084
🚀 ESL Server running on port 8084
🚀 ESL Server running on port 8084
Master PID 1116 — spawning 8 ESL workers
Worker 1301 is online
Worker 1294 is online
Worker 1305 is online
Worker 1308 is online
Worker 1329 is online
Worker 1347 is online
Worker 1309 is online
Worker 1343 is online
🚀 ESL Server running on port 8084
🚀 ESL Server running on port 8084
🚀 ESL Server running on port 8084
🚀 ESL Server running on port 8084
🚀 ESL Server running on port 8084
🚀 ESL Server running on port 8084
🚀 ESL Server running on port 8084
🚀 ESL Server running on port 8084
Master PID 1275 — spawning 8 ESL workers
Worker 1382 is online
Worker 1390 is online
Worker 1398 is online
Worker 1411 is online
Worker 1397 is online
Worker 1399 is online
Worker 1391 is online
Worker 1413 is online
🚀 ESL Server running on port 8084
🚀 ESL Server running on port 8084
🚀 ESL Server running on port 8084
🚀 ESL Server running on port 8084
🚀 ESL Server running on port 8084
🚀 ESL Server running on port 8084
🚀 ESL Server running on port 8084
🚀 ESL Server running on port 8084
Master PID 2063 — spawning 8 ESL workers
Worker 2158 is online
Worker 2161 is online
Worker 2182 is online
Worker 2190 is online
Worker 2207 is online
Worker 2198 is online
Worker 2213 is online
Worker 2211 is online
🚀 ESL Server running on port 8084
🚀 ESL Server running on port 8084
🚀 ESL Server running on port 8084
🚀 ESL Server running on port 8084
🚀 ESL Server running on port 8084
🚀 ESL Server running on port 8084
🚀 ESL Server running on port 8084
🚀 ESL Server running on port 8084
Master PID 2794 — spawning 8 ESL workers
Worker 2926 is online
Worker 2949 is online
Worker 2938 is online
Worker 2948 is online
Worker 2972 is online
Worker 2951 is online
Worker 2936 is online
Worker 2953 is online
🚀 ESL Server running on port 8084
🚀 ESL Server running on port 8084
🚀 ESL Server running on port 8084
🚀 ESL Server running on port 8084
🚀 ESL Server running on port 8084
🚀 ESL Server running on port 8084
🚀 ESL Server running on port 8084
🚀 ESL Server running on port 8084
Master PID 2060 — spawning 8 ESL workers
Worker 2199 is online
Worker 2204 is online
Worker 2206 is online
Worker 2216 is online
Worker 2230 is online
Worker 2207 is online
Worker 2228 is online
Worker 2217 is online
🚀 ESL Server running on port 8084
🚀 ESL Server running on port 8084
🚀 ESL Server running on port 8084
🚀 ESL Server running on port 8084
🚀 ESL Server running on port 8084
🚀 ESL Server running on port 8084
🚀 ESL Server running on port 8084
🚀 ESL Server running on port 8084
Master PID 216707 — spawning 8 ESL workers
Worker 216829 is online
Worker 216855 is online
Worker 216841 is online
Worker 216825 is online
Worker 216866 is online
Worker 216852 is online
Worker 216835 is online
Worker 216843 is online
🚀 ESL Server running on port 8084
🚀 ESL Server running on port 8084
🚀 ESL Server running on port 8084
🚀 ESL Server running on port 8084
🚀 ESL Server running on port 8084
🚀 ESL Server running on port 8084
🚀 ESL Server running on port 8084
🚀 ESL Server running on port 8084
Master PID 2077 — spawning 8 ESL workers
Worker 2230 is online
Worker 2227 is online
Worker 2228 is online
Worker 2245 is online
Worker 2231 is online
Worker 2232 is online
Worker 2241 is online
Worker 2263 is online
🚀 ESL Server running on port 8084
🚀 ESL Server running on port 8084
🚀 ESL Server running on port 8084
🚀 ESL Server running on port 8084
🚀 ESL Server running on port 8084
🚀 ESL Server running on port 8084
🚀 ESL Server running on port 8084
🚀 ESL Server running on port 8084
Master PID 98402 — spawning 8 ESL workers
Worker 98485 is online
Worker 98489 is online
Worker 98511 is online
Worker 98486 is online
Worker 98541 is online
Worker 98514 is online
Worker 98497 is online
Worker 98540 is online
🚀 ESL Server running on port 8084
🚀 ESL Server running on port 8084
🚀 ESL Server running on port 8084
🚀 ESL Server running on port 8084
🚀 ESL Server running on port 8084
🚀 ESL Server running on port 8084
🚀 ESL Server running on port 8084
🚀 ESL Server running on port 8084
📞 Incoming ESL connection
✅ ESL Ready
UUID: bca2ccd8-d1c6-4d72-8990-dd8f8f641b6e Caller: 1002
✅ Greet ready in 11762ms
🎙️ Recorded: 91884 bytes
✅ AI responded in 12156ms
🎙️ Recorded: 47724 bytes
📴 Call hung up by remote
✅ AI responded in 12796ms
Master PID 2249 — spawning 8 ESL workers
Worker 2578 is online
Worker 2585 is online
Worker 2586 is online
Worker 2579 is online
Worker 2598 is online
Worker 2618 is online
Worker 2619 is online
Worker 2644 is online
🚀 ESL Server running on port 8084
🚀 ESL Server running on port 8084
🚀 ESL Server running on port 8084
🚀 ESL Server running on port 8084
🚀 ESL Server running on port 8084
🚀 ESL Server running on port 8084
🚀 ESL Server running on port 8084
🚀 ESL Server running on port 8084
Master PID 1174 — spawning 8 ESL workers
Worker 1337 is online
Worker 1330 is online
Worker 1367 is online
Worker 1357 is online
Worker 1339 is online
Worker 1364 is online
Worker 1372 is online
Worker 1362 is online
🚀 ESL Server running on port 8084
🚀 ESL Server running on port 8084
🚀 ESL Server running on port 8084
🚀 ESL Server running on port 8084
🚀 ESL Server running on port 8084
🚀 ESL Server running on port 8084
🚀 ESL Server running on port 8084
🚀 ESL Server running on port 8084
Master PID 813612 — spawning 8 ESL workers
Worker 813722 is online
Worker 813723 is online
Worker 813729 is online
Worker 813741 is online
Worker 813738 is online
Worker 813748 is online
Worker 813743 is online
Worker 813760 is online
🚀 ESL Server running on port 8084
🚀 ESL Server running on port 8084
🚀 ESL Server running on port 8084
🚀 ESL Server running on port 8084
🚀 ESL Server running on port 8084
🚀 ESL Server running on port 8084
🚀 ESL Server running on port 8084
🚀 ESL Server running on port 8084
Master PID 1173 — spawning 8 ESL workers
Worker 1445 is online
Worker 1448 is online
Worker 1460 is online
Worker 1472 is online
Worker 1446 is online
Worker 1507 is online
Worker 1508 is online
Worker 1524 is online
🚀 ESL Server running on port 8084
🚀 ESL Server running on port 8084
🚀 ESL Server running on port 8084
🚀 ESL Server running on port 8084
🚀 ESL Server running on port 8084
🚀 ESL Server running on port 8084
🚀 ESL Server running on port 8084
🚀 ESL Server running on port 8084
Master PID 1210 — spawning 8 ESL workers
Worker 1402 is online
Worker 1403 is online
Worker 1396 is online
Worker 1425 is online
Worker 1417 is online
Worker 1436 is online
Worker 1404 is online
Worker 1422 is online
🚀 ESL Server running on port 8084
🚀 ESL Server running on port 8084
🚀 ESL Server running on port 8084
🚀 ESL Server running on port 8084
🚀 ESL Server running on port 8084
🚀 ESL Server running on port 8084
🚀 ESL Server running on port 8084
🚀 ESL Server running on port 8084
Master PID 1186 — spawning 8 ESL workers
Worker 1667 is online
Worker 1703 is online
Worker 1668 is online
Worker 1689 is online
Worker 1690 is online
Worker 1698 is online
Worker 1672 is online
Worker 1711 is online
🚀 ESL Server running on port 8084
🚀 ESL Server running on port 8084
🚀 ESL Server running on port 8084
🚀 ESL Server running on port 8084
🚀 ESL Server running on port 8084
🚀 ESL Server running on port 8084
🚀 ESL Server running on port 8084
🚀 ESL Server running on port 8084
Master PID 2784 — spawning 8 ESL workers
Worker 2969 is online
Worker 2922 is online
Worker 2924 is online
Worker 2925 is online
Worker 2931 is online
Worker 2959 is online
Worker 2946 is online
Worker 2953 is online
🚀 ESL Server running on port 8084
🚀 ESL Server running on port 8084
🚀 ESL Server running on port 8084
🚀 ESL Server running on port 8084
🚀 ESL Server running on port 8084
🚀 ESL Server running on port 8084
🚀 ESL Server running on port 8084
🚀 ESL Server running on port 8084
Master PID 2762 — spawning 8 ESL workers
Worker 2922 is online
Worker 2916 is online
Worker 2938 is online
Worker 2905 is online
Worker 2921 is online
Worker 2914 is online
Worker 2953 is online
Worker 2917 is online
🚀 ESL Server running on port 8084
🚀 ESL Server running on port 8084
🚀 ESL Server running on port 8084
🚀 ESL Server running on port 8084
🚀 ESL Server running on port 8084
🚀 ESL Server running on port 8084
🚀 ESL Server running on port 8084
🚀 ESL Server running on port 8084
Master PID 2025 — spawning 8 ESL workers
Worker 2176 is online
Worker 2183 is online
Worker 2191 is online
Worker 2205 is online
Worker 2206 is online
Worker 2226 is online
Worker 2192 is online
Worker 2215 is online
🚀 ESL Server running on port 8084
🚀 ESL Server running on port 8084
🚀 ESL Server running on port 8084
🚀 ESL Server running on port 8084
🚀 ESL Server running on port 8084
🚀 ESL Server running on port 8084
🚀 ESL Server running on port 8084
🚀 ESL Server running on port 8084
Master PID 1198 — spawning 8 ESL workers
Worker 1526 is online
Worker 1533 is online
Worker 1539 is online
Worker 1534 is online
Worker 1516 is online
Worker 1541 is online
Worker 1577 is online
Worker 1555 is online
🚀 ESL Server running on port 8084
🚀 ESL Server running on port 8084
🚀 ESL Server running on port 8084
🚀 ESL Server running on port 8084
🚀 ESL Server running on port 8084
🚀 ESL Server running on port 8084
🚀 ESL Server running on port 8084
🚀 ESL Server running on port 8084
Master PID 2065 — spawning 8 ESL workers
Worker 2182 is online
Worker 2201 is online
Worker 2209 is online
Worker 2202 is online
Worker 2185 is online
Worker 2193 is online
Worker 2206 is online
Worker 2228 is online
🚀 ESL Server running on port 8084
🚀 ESL Server running on port 8084
🚀 ESL Server running on port 8084
🚀 ESL Server running on port 8084
🚀 ESL Server running on port 8084
🚀 ESL Server running on port 8084
🚀 ESL Server running on port 8084
🚀 ESL Server running on port 8084
Master PID 1152 — spawning 8 ESL workers
Worker 1325 is online
Worker 1314 is online
Worker 1321 is online
Worker 1322 is online
Worker 1331 is online
Worker 1344 is online
Worker 1353 is online
Worker 1360 is online
🚀 ESL Server running on port 8084
🚀 ESL Server running on port 8084
🚀 ESL Server running on port 8084
🚀 ESL Server running on port 8084
🚀 ESL Server running on port 8084
🚀 ESL Server running on port 8084
🚀 ESL Server running on port 8084
🚀 ESL Server running on port 8084
Master PID 1226 — spawning 8 ESL workers
Worker 1390 is online
Worker 1419 is online
Worker 1391 is online
Worker 1385 is online
Worker 1417 is online
Worker 1415 is online
Worker 1420 is online
Worker 1433 is online
🚀 ESL Server running on port 8084
🚀 ESL Server running on port 8084
🚀 ESL Server running on port 8084
🚀 ESL Server running on port 8084
🚀 ESL Server running on port 8084
🚀 ESL Server running on port 8084
🚀 ESL Server running on port 8084
🚀 ESL Server running on port 8084
Master PID 1246 — spawning 8 ESL workers
Worker 1449 is online
Worker 1452 is online
Worker 1483 is online
Worker 1458 is online
Worker 1495 is online
Worker 1518 is online
Worker 1460 is online
Worker 1523 is online
🚀 ESL Server running on port 8084
🚀 ESL Server running on port 8084
🚀 ESL Server running on port 8084
🚀 ESL Server running on port 8084
🚀 ESL Server running on port 8084
🚀 ESL Server running on port 8084
🚀 ESL Server running on port 8084
🚀 ESL Server running on port 8084
Master PID 1253 — spawning 8 ESL workers
Worker 1462 is online
Worker 1449 is online
Worker 1446 is online
Worker 1452 is online
Worker 1447 is online
Worker 1473 is online
Worker 1470 is online
Worker 1488 is online
🚀 ESL Server running on port 8084
🚀 ESL Server running on port 8084
🚀 ESL Server running on port 8084
🚀 ESL Server running on port 8084
🚀 ESL Server running on port 8084
🚀 ESL Server running on port 8084
🚀 ESL Server running on port 8084
🚀 ESL Server running on port 8084
Master PID 2019 — spawning 8 ESL workers
Worker 2182 is online
Worker 2199 is online
Worker 2195 is online
Worker 2198 is online
Worker 2183 is online
Worker 2207 is online
Worker 2219 is online
Worker 2225 is online
🚀 ESL Server running on port 8084
🚀 ESL Server running on port 8084
🚀 ESL Server running on port 8084
🚀 ESL Server running on port 8084
🚀 ESL Server running on port 8084
🚀 ESL Server running on port 8084
🚀 ESL Server running on port 8084
🚀 ESL Server running on port 8084
Master PID 2042 — spawning 8 ESL workers
Worker 2196 is online
Worker 2210 is online
Worker 2203 is online
Worker 2209 is online
Worker 2217 is online
Worker 2215 is online
Worker 2233 is online
Worker 2223 is online
🚀 ESL Server running on port 8084
🚀 ESL Server running on port 8084
🚀 ESL Server running on port 8084
🚀 ESL Server running on port 8084
🚀 ESL Server running on port 8084
🚀 ESL Server running on port 8084
🚀 ESL Server running on port 8084
🚀 ESL Server running on port 8084
Master PID 1255 — spawning 8 ESL workers
Worker 1380 is online
Worker 1377 is online
Worker 1384 is online
Worker 1412 is online
Worker 1416 is online
Worker 1419 is online
Worker 1429 is online
Worker 1435 is online
🚀 ESL Server running on port 8084
🚀 ESL Server running on port 8084
🚀 ESL Server running on port 8084
🚀 ESL Server running on port 8084
🚀 ESL Server running on port 8084
🚀 ESL Server running on port 8084
🚀 ESL Server running on port 8084
🚀 ESL Server running on port 8084
Master PID 2106 — spawning 8 ESL workers
Worker 2277 is online
Worker 2305 is online
Worker 2273 is online
Worker 2272 is online
Worker 2306 is online
Worker 2297 is online
Worker 2275 is online
Worker 2279 is online
🚀 ESL Server running on port 8084
🚀 ESL Server running on port 8084
🚀 ESL Server running on port 8084
🚀 ESL Server running on port 8084
🚀 ESL Server running on port 8084
🚀 ESL Server running on port 8084
🚀 ESL Server running on port 8084
🚀 ESL Server running on port 8084
Master PID 1126 — spawning 8 ESL workers
Worker 1301 is online
Worker 1313 is online
Worker 1379 is online
Worker 1309 is online
Worker 1355 is online
Worker 1314 is online
Worker 1377 is online
Worker 1360 is online
🚀 ESL Server running on port 8084
🚀 ESL Server running on port 8084
🚀 ESL Server running on port 8084
🚀 ESL Server running on port 8084
🚀 ESL Server running on port 8084
🚀 ESL Server running on port 8084
🚀 ESL Server running on port 8084
🚀 ESL Server running on port 8084
Master PID 1170 — spawning 8 ESL workers
Worker 1318 is online
Worker 1330 is online
Worker 1329 is online
Worker 1343 is online
Worker 1319 is online
Worker 1345 is online
Worker 1344 is online
Worker 1365 is online
🚀 ESL Server running on port 8084
🚀 ESL Server running on port 8084
🚀 ESL Server running on port 8084
🚀 ESL Server running on port 8084
🚀 ESL Server running on port 8084
🚀 ESL Server running on port 8084
🚀 ESL Server running on port 8084
🚀 ESL Server running on port 8084
Master PID 1202 — spawning 8 ESL workers
Worker 1381 is online
Worker 1380 is online
Worker 1403 is online
Worker 1390 is online
Worker 1408 is online
Worker 1391 is online
Worker 1411 is online
Worker 1383 is online
🚀 ESL Server running on port 8084
🚀 ESL Server running on port 8084
🚀 ESL Server running on port 8084
🚀 ESL Server running on port 8084
🚀 ESL Server running on port 8084
🚀 ESL Server running on port 8084
🚀 ESL Server running on port 8084
🚀 ESL Server running on port 8084
Master PID 1289 — spawning 8 ESL workers
Worker 1384 is online
Worker 1387 is online
Worker 1386 is online
Worker 1408 is online
Worker 1390 is online
Worker 1416 is online
Worker 1415 is online
Worker 1424 is online
🚀 ESL Server running on port 8084
🚀 ESL Server running on port 8084
🚀 ESL Server running on port 8084
🚀 ESL Server running on port 8084
🚀 ESL Server running on port 8084
🚀 ESL Server running on port 8084
🚀 ESL Server running on port 8084
🚀 ESL Server running on port 8084
Master PID 1190 — spawning 8 ESL workers
Worker 1323 is online
Worker 1340 is online
Worker 1338 is online
Worker 1330 is online
Worker 1333 is online
Worker 1362 is online
Worker 1348 is online
Worker 1342 is online
🚀 ESL Server running on port 8084
🚀 ESL Server running on port 8084
🚀 ESL Server running on port 8084
🚀 ESL Server running on port 8084
🚀 ESL Server running on port 8084
🚀 ESL Server running on port 8084
🚀 ESL Server running on port 8084
🚀 ESL Server running on port 8084
Master PID 2036 — spawning 8 ESL workers
Worker 2214 is online
Worker 2216 is online
Worker 2212 is online
Worker 2249 is online
Worker 2224 is online
Worker 2217 is online
Worker 2237 is online
Worker 2235 is online
🚀 ESL Server running on port 8084
🚀 ESL Server running on port 8084
🚀 ESL Server running on port 8084
🚀 ESL Server running on port 8084
🚀 ESL Server running on port 8084
🚀 ESL Server running on port 8084
🚀 ESL Server running on port 8084
🚀 ESL Server running on port 8084
Master PID 1803 — spawning 8 ESL workers
Worker 2037 is online
Worker 2038 is online
Worker 2068 is online
Worker 2050 is online
Worker 2060 is online
Worker 2088 is online
Worker 2097 is online
Worker 2080 is online
🚀 ESL Server running on port 8084
🚀 ESL Server running on port 8084
🚀 ESL Server running on port 8084
🚀 ESL Server running on port 8084
🚀 ESL Server running on port 8084
🚀 ESL Server running on port 8084
🚀 ESL Server running on port 8084
🚀 ESL Server running on port 8084
Master PID 2055 — spawning 8 ESL workers
Worker 2168 is online
Worker 2170 is online
Worker 2176 is online
Worker 2178 is online
Worker 2169 is online
Worker 2179 is online
Worker 2218 is online
Worker 2196 is online
🚀 ESL Server running on port 8084
🚀 ESL Server running on port 8084
🚀 ESL Server running on port 8084
🚀 ESL Server running on port 8084
🚀 ESL Server running on port 8084
🚀 ESL Server running on port 8084
🚀 ESL Server running on port 8084
🚀 ESL Server running on port 8084
Master PID 1989 — spawning 8 ESL workers
Worker 2154 is online
Worker 2137 is online
Worker 2138 is online
Worker 2146 is online
Worker 2152 is online
Worker 2150 is online
Worker 2161 is online
Worker 2147 is online
🚀 ESL Server running on port 8084
🚀 ESL Server running on port 8084
🚀 ESL Server running on port 8084
🚀 ESL Server running on port 8084
🚀 ESL Server running on port 8084
🚀 ESL Server running on port 8084
🚀 ESL Server running on port 8084
🚀 ESL Server running on port 8084
Master PID 1140 — spawning 8 ESL workers
Worker 1326 is online
Worker 1319 is online
Worker 1350 is online
Worker 1347 is online
Worker 1329 is online
Worker 1366 is online
Worker 1338 is online
Worker 1354 is online
🚀 ESL Server running on port 8084
🚀 ESL Server running on port 8084
🚀 ESL Server running on port 8084
🚀 ESL Server running on port 8084
🚀 ESL Server running on port 8084
🚀 ESL Server running on port 8084
🚀 ESL Server running on port 8084
🚀 ESL Server running on port 8084
Master PID 1368 — spawning 8 ESL workers
Worker 1928 is online
Worker 1966 is online
Worker 1927 is online
Worker 1968 is online
Worker 1995 is online
Worker 1999 is online
Worker 1993 is online
Worker 1971 is online
🚀 ESL Server running on port 8084
🚀 ESL Server running on port 8084
🚀 ESL Server running on port 8084
🚀 ESL Server running on port 8084
🚀 ESL Server running on port 8084
🚀 ESL Server running on port 8084
🚀 ESL Server running on port 8084
🚀 ESL Server running on port 8084
Master PID 1186 — spawning 8 ESL workers
Worker 1312 is online
Worker 1314 is online
Worker 1338 is online
Worker 1315 is online
Worker 1371 is online
Worker 1370 is online
Worker 1358 is online
Worker 1383 is online
🚀 ESL Server running on port 8084
🚀 ESL Server running on port 8084
🚀 ESL Server running on port 8084
🚀 ESL Server running on port 8084
🚀 ESL Server running on port 8084
🚀 ESL Server running on port 8084
🚀 ESL Server running on port 8084
🚀 ESL Server running on port 8084
Master PID 2070 — spawning 8 ESL workers
Worker 2243 is online
Worker 2233 is online
Worker 2229 is online
Worker 2230 is online
Worker 2256 is online
Worker 2260 is online
Worker 2249 is online
Worker 2251 is online
🚀 ESL Server running on port 8084
🚀 ESL Server running on port 8084
🚀 ESL Server running on port 8084
🚀 ESL Server running on port 8084
🚀 ESL Server running on port 8084
🚀 ESL Server running on port 8084
🚀 ESL Server running on port 8084
🚀 ESL Server running on port 8084
Master PID 1218 — spawning 8 ESL workers
Worker 1346 is online
Worker 1354 is online
Worker 1363 is online
Worker 1380 is online
Worker 1384 is online
Worker 1412 is online
Worker 1398 is online
Worker 1402 is online
🚀 ESL Server running on port 8084
🚀 ESL Server running on port 8084
🚀 ESL Server running on port 8084
🚀 ESL Server running on port 8084
🚀 ESL Server running on port 8084
🚀 ESL Server running on port 8084
🚀 ESL Server running on port 8084
🚀 ESL Server running on port 8084
Master PID 1255 — spawning 8 ESL workers
Worker 1409 is online
Worker 1380 is online
Worker 1382 is online
Worker 1384 is online
Worker 1390 is online
Worker 1411 is online
Worker 1397 is online
Worker 1418 is online
🚀 ESL Server running on port 8084
🚀 ESL Server running on port 8084
🚀 ESL Server running on port 8084
🚀 ESL Server running on port 8084
🚀 ESL Server running on port 8084
🚀 ESL Server running on port 8084
🚀 ESL Server running on port 8084
🚀 ESL Server running on port 8084
Master PID 1969 — spawning 8 ESL workers
Worker 2149 is online
Worker 2157 is online
Worker 2158 is online
Worker 2169 is online
Worker 2142 is online
Worker 2148 is online
Worker 2180 is online
Worker 2174 is online
🚀 ESL Server running on port 8084
🚀 ESL Server running on port 8084
🚀 ESL Server running on port 8084
🚀 ESL Server running on port 8084
🚀 ESL Server running on port 8084
🚀 ESL Server running on port 8084
🚀 ESL Server running on port 8084
🚀 ESL Server running on port 8084
Master PID 1211 — spawning 8 ESL workers
Worker 1370 is online
Worker 1363 is online
Worker 1377 is online
Worker 1383 is online
Worker 1395 is online
Worker 1397 is online
Worker 1399 is online
Worker 1414 is online
🚀 ESL Server running on port 8084
🚀 ESL Server running on port 8084
🚀 ESL Server running on port 8084
🚀 ESL Server running on port 8084
🚀 ESL Server running on port 8084
🚀 ESL Server running on port 8084
🚀 ESL Server running on port 8084
🚀 ESL Server running on port 8084
Master PID 2092 — spawning 8 ESL workers
Worker 2218 is online
Worker 2219 is online
Worker 2221 is online
Worker 2254 is online
Worker 2245 is online
Worker 2222 is online
Worker 2228 is online
Worker 2257 is online
🚀 ESL Server running on port 8084
🚀 ESL Server running on port 8084
🚀 ESL Server running on port 8084
🚀 ESL Server running on port 8084
🚀 ESL Server running on port 8084
🚀 ESL Server running on port 8084
🚀 ESL Server running on port 8084
🚀 ESL Server running on port 8084
Master PID 1179 — spawning 8 ESL workers
Worker 2089 is online
Worker 2131 is online
Worker 2126 is online
Worker 2121 is online
Worker 2090 is online
Worker 2132 is online
Worker 2147 is online
Worker 2166 is online
🚀 ESL Server running on port 8084
🚀 ESL Server running on port 8084
🚀 ESL Server running on port 8084
🚀 ESL Server running on port 8084
🚀 ESL Server running on port 8084
🚀 ESL Server running on port 8084
🚀 ESL Server running on port 8084
🚀 ESL Server running on port 8084
Master PID 2145 — spawning 8 ESL workers
Worker 2287 is online
Worker 2279 is online
Worker 2303 is online
Worker 2286 is online
Worker 2304 is online
Worker 2281 is online
Worker 2319 is online
Worker 2320 is online
🚀 ESL Server running on port 8084
🚀 ESL Server running on port 8084
🚀 ESL Server running on port 8084
🚀 ESL Server running on port 8084
🚀 ESL Server running on port 8084
🚀 ESL Server running on port 8084
🚀 ESL Server running on port 8084
🚀 ESL Server running on port 8084
Master PID 1191 — spawning 8 ESL workers
Worker 1333 is online
Worker 1336 is online
Worker 1342 is online
Worker 1343 is online
Worker 1355 is online
Worker 1375 is online
Worker 1369 is online
Worker 1381 is online
🚀 ESL Server running on port 8084
🚀 ESL Server running on port 8084
🚀 ESL Server running on port 8084
🚀 ESL Server running on port 8084
🚀 ESL Server running on port 8084
🚀 ESL Server running on port 8084
🚀 ESL Server running on port 8084
🚀 ESL Server running on port 8084
